
> node-sequelize@1.0.0 build
> tsc

server/controllers/puppeteerGetInstagramThumbnail.ts(55,23): error TS2584: Cannot find name 'document'. Do you need to change your target library? Try changing the 'lib' compiler option to include 'dom'.
server/controllers/puppeteerGetInstagramThumbnail.ts(56,28): error TS2584: Cannot find name 'document'. Do you need to change your target library? Try changing the 'lib' compiler option to include 'dom'.
server/controllers/puppeteerGetInstagramThumbnail.ts(87,20): error TS2584: Cannot find name 'document'. Do you need to change your target library? Try changing the 'lib' compiler option to include 'dom'.
server/controllers/puppeteerGetInstagramThumbnail.ts(97,31): error TS2304: Cannot find name 'window'.
